{
    "Should run without failures": {
        "content": [
            {
                "0": [
                    [
                        "SRR40299199",
                        "SRR40299199.sorted.bam:md5,f7f95df3ba5e2d1552afe3cfbcef6d7e",
                        "SRR40299199.sorted.bam.bai:md5,3c13f2a84d8e35cabe0c792e5ae53bec"
                    ]
                ],
                "bam_bei": [
                    [
                        "SRR40299199",
                        "SRR40299199.sorted.bam:md5,f7f95df3ba5e2d1552afe3cfbcef6d7e",
                        "SRR40299199.sorted.bam.bai:md5,3c13f2a84d8e35cabe0c792e5ae53bec"
                    ]
                ]
            }
        ],
        "timestamp": "2026-08-22T17:13:01.91831059",
        "meta": {
            "nf-test": "0.9.5",
            "nextflow": "26.04.6"
        }
    }
}